{
    "families_report": {
        "families_total": 5,
        "people_counters": [
            {
                "group_name": "Role",
                "columns": [
                    "mom",
                    "dad",
                    "prb",
                    "sib"
                ],
                "rows": [
                    "people_male",
                    "people_female",
                    "people_total"
                ],
                "counters": [
                    {
                        "people_male": 0,
                        "people_female": 5,
                        "people_total": 5,
                        "column": "mom"
                    },
                    {
                        "people_male": 5,
                        "people_female": 0,
                        "people_total": 5,
                        "column": "dad"
                    },
                    {
                        "people_male": 1,
                        "people_female": 4,
                        "people_total": 5,
                        "column": "prb"
                    },
                    {
                        "people_male": 0,
                        "people_female": 2,
                        "people_total": 2,
                        "column": "sib"
                    }
                ]
            },
            {
                "group_name": "Diagnosis",
                "columns": [
                    "pheno",
                    "phenotype1",
                    "phenotype2",
                    "unaffected"
                ],
                "rows": [
                    "people_male",
                    "people_female",
                    "people_total"
                ],
                "counters": [
                    {
                        "people_male": 2,
                        "people_female": 0,
                        "people_total": 2,
                        "column": "pheno"
                    },
                    {
                        "people_male": 1,
                        "people_female": 6,
                        "people_total": 7,
                        "column": "phenotype1"
                    },
                    {
                        "people_male": 0,
                        "people_female": 2,
                        "people_total": 2,
                        "column": "phenotype2"
                    },
                    {
                        "people_male": 3,
                        "people_female": 3,
                        "people_total": 6,
                        "column": "unaffected"
                    }
                ]
            },
            {
                "group_name": "Role and Diagnosis",
                "columns": [
                    "dad and pheno",
                    "mom and phenotype1",
                    "prb and phenotype1",
                    "sib and phenotype2",
                    "mom and unaffected",
                    "dad and unaffected"
                ],
                "rows": [
                    "people_male",
                    "people_female",
                    "people_total"
                ],
                "counters": [
                    {
                        "people_male": 2,
                        "people_female": 0,
                        "people_total": 2,
                        "column": "dad and pheno"
                    },
                    {
                        "people_male": 0,
                        "people_female": 2,
                        "people_total": 2,
                        "column": "mom and phenotype1"
                    },
                    {
                        "people_male": 1,
                        "people_female": 4,
                        "people_total": 5,
                        "column": "prb and phenotype1"
                    },
                    {
                        "people_male": 0,
                        "people_female": 2,
                        "people_total": 2,
                        "column": "sib and phenotype2"
                    },
                    {
                        "people_male": 0,
                        "people_female": 3,
                        "people_total": 3,
                        "column": "mom and unaffected"
                    },
                    {
                        "people_male": 3,
                        "people_female": 0,
                        "people_total": 3,
                        "column": "dad and unaffected"
                    }
                ]
            }
        ],
        "families_counters": [
            {
                "group_name": "Study phenotype",
                "phenotypes": [
                    "pheno",
                    "phenotype1",
                    "phenotype2",
                    "unaffected"
                ],
                "counters": [
                    {
                        "counters": [
                            {
                                "pedigree": [
                                    [
                                        "f1",
                                        "mom1",
                                        "",
                                        "",
                                        "F",
                                        "#ffffff",
                                        null,
                                        false,
                                        "",
                                        ""
                                    ],
                                    [
                                        "f1",
                                        "dad1",
                                        "",
                                        "",
                                        "M",
                                        "#ffffff",
                                        null,
                                        false,
                                        "",
                                        ""
                                    ],
                                    [
                                        "f1",
                                        "ch1",
                                        "dad1",
                                        "mom1",
                                        "F",
                                        "#e35252",
                                        null,
                                        false,
                                        "",
                                        ""
                                    ]
                                ],
                                "pedigrees_count": 2
                            },
                            {
                                "pedigree": [
                                    [
                                        "f6",
                                        "mom6",
                                        "",
                                        "",
                                        "F",
                                        "#ffffff",
                                        null,
                                        false,
                                        "",
                                        ""
                                    ],
                                    [
                                        "f6",
                                        "dad6",
                                        "",
                                        "",
                                        "M",
                                        "#ffffff",
                                        null,
                                        false,
                                        "",
                                        ""
                                    ],
                                    [
                                        "f6",
                                        "ch6",
                                        "dad6",
                                        "mom6",
                                        "M",
                                        "#e35252",
                                        null,
                                        false,
                                        "",
                                        ""
                                    ]
                                ],
                                "pedigrees_count": 1
                            }
                        ]
                    },
                    {
                        "counters": [
                            {
                                "pedigree": [
                                    [
                                        "f4",
                                        "mom4",
                                        "",
                                        "",
                                        "F",
                                        "#e35252",
                                        null,
                                        false,
                                        "",
                                        ""
                                    ],
                                    [
                                        "f4",
                                        "ch4",
                                        "dad4",
                                        "mom4",
                                        "F",
                                        "#e35252",
                                        null,
                                        false,
                                        "",
                                        ""
                                    ],
                                    [
                                        "f4",
                                        "ch4.1",
                                        "dad4",
                                        "mom4",
                                        "F",
                                        "#b8008a",
                                        null,
                                        false,
                                        "",
                                        ""
                                    ],
                                    [
                                        "f4",
                                        "dad4",
                                        "",
                                        "",
                                        "M",
                                        "#E0E0E0",
                                        null,
                                        true,
                                        "",
                                        ""
                                    ]
                                ],
                                "pedigrees_count": 1
                            },
                            {
                                "pedigree": [
                                    [
                                        "f5",
                                        "mom5",
                                        "",
                                        "",
                                        "F",
                                        "#e35252",
                                        null,
                                        false,
                                        "",
                                        ""
                                    ],
                                    [
                                        "f5",
                                        "dad5",
                                        "",
                                        "",
                                        "M",
                                        "#aaaaaa",
                                        null,
                                        false,
                                        "",
                                        ""
                                    ],
                                    [
                                        "f5",
                                        "ch5",
                                        "dad5",
                                        "mom5",
                                        "F",
                                        "#e35252",
                                        null,
                                        false,
                                        "",
                                        ""
                                    ],
                                    [
                                        "f5",
                                        "ch5.1",
                                        "dad5",
                                        "mom5",
                                        "F",
                                        "#b8008a",
                                        null,
                                        false,
                                        "",
                                        ""
                                    ]
                                ],
                                "pedigrees_count": 1
                            }
                        ]
                    }
                ],
                "legend": [
                    {
                        "id": "phenotype1",
                        "name": "phenotype 1",
                        "color": "#e35252"
                    },
                    {
                        "id": "phenotype2",
                        "name": "phenotype 2",
                        "color": "#b8008a"
                    },
                    {
                        "id": "phenotype3",
                        "name": "phenotype 3",
                        "color": "#e3d252"
                    },
                    {
                        "id": "unaffected",
                        "name": "unaffected",
                        "color": "#ffffff"
                    },
                    {
                        "id": "unknown",
                        "name": "unknown",
                        "color": "#aaaaaa"
                    },
                    {
                        "id": "missing-person",
                        "name": "missing-person",
                        "color": "#E0E0E0"
                    }
                ]
            }
        ]
    },
    "denovo_report": {
        "tables": [
            {
                "rows": [
                    {
                        "effect_type": "Missense",
                        "row": [
                            {
                                "number_of_observed_events": 2,
                                "number_of_children_with_event": 2,
                                "observed_rate_per_child": 0.4,
                                "percent_of_children_with_events": 0.4,
                                "column": "prb"
                            }
                        ]
                    }
                ],
                "group_name": "Role",
                "columns": [
                    "prb"
                ],
                "effect_groups": [],
                "effect_types": [
                    "Missense"
                ]
            },
            {
                "rows": [
                    {
                        "effect_type": "Missense",
                        "row": [
                            {
                                "number_of_observed_events": 2,
                                "number_of_children_with_event": 2,
                                "observed_rate_per_child": 0.4,
                                "percent_of_children_with_events": 0.4,
                                "column": "phenotype1"
                            }
                        ]
                    }
                ],
                "group_name": "Diagnosis",
                "columns": [
                    "phenotype1"
                ],
                "effect_groups": [],
                "effect_types": [
                    "Missense"
                ]
            },
            {
                "rows": [
                    {
                        "effect_type": "Missense",
                        "row": [
                            {
                                "number_of_observed_events": 2,
                                "number_of_children_with_event": 2,
                                "observed_rate_per_child": 0.4,
                                "percent_of_children_with_events": 0.4,
                                "column": "prb and phenotype1"
                            }
                        ]
                    }
                ],
                "group_name": "Role and Diagnosis",
                "columns": [
                    "prb and phenotype1"
                ],
                "effect_groups": [],
                "effect_types": [
                    "Missense"
                ]
            }
        ]
    },
    "study_name": "Study1",
    "phenotype": ["unaffected", "pheno", "phenotype2", "phenotype1"],
    "study_type": "WE",
    "study_year": "",
    "pub_med": "",
    "families": 5,
    "number_of_probands": 5,
    "number_of_siblings": 2,
    "denovo": true,
    "transmitted": false,
    "study_description": "Study 1",
    "is_downloadable": true
}