{
    "families_report": {
        "families_total": 3,
        "people_counters": [
            {
                "group_name": "Role",
                "columns": [
                    "mom",
                    "dad",
                    "prb",
                    "sib"
                ],
                "rows": [
                    "people_male",
                    "people_female",
                    "people_unspecified",
                    "people_total"
                ],
                "counters": [
                    {
                        "people_male": 0,
                        "people_female": 3,
                        "people_unspecified": 0,
                        "people_total": 3,
                        "column": "mom"
                    },
                    {
                        "people_male": 3,
                        "people_female": 0,
                        "people_unspecified": 0,
                        "people_total": 3,
                        "column": "dad"
                    },
                    {
                        "people_male": 0,
                        "people_female": 0,
                        "people_unspecified": 3,
                        "people_total": 3,
                        "column": "prb"
                    },
                    {
                        "people_male": 2,
                        "people_female": 0,
                        "people_unspecified": 7,
                        "people_total": 9,
                        "column": "sib"
                    }
                ]
            },
            {
                "group_name": "Diagnosis",
                "columns": [
                    "phenotype1",
                    "unaffected"
                ],
                "rows": [
                    "people_male",
                    "people_female",
                    "people_unspecified",
                    "people_total"
                ],
                "counters": [
                    {
                        "people_male": 2,
                        "people_female": 0,
                        "people_unspecified": 10,
                        "people_total": 12,
                        "column": "phenotype1"
                    },
                    {
                        "people_male": 3,
                        "people_female": 3,
                        "people_unspecified": 0,
                        "people_total": 6,
                        "column": "unaffected"
                    }
                ]
            },
            {
                "group_name": "Role and Diagnosis",
                "columns": [
                    "prb and phenotype1",
                    "sib and phenotype1",
                    "mom and unaffected",
                    "dad and unaffected"
                ],
                "rows": [
                    "people_male",
                    "people_female",
                    "people_unspecified",
                    "people_total"
                ],
                "counters": [
                    {
                        "people_male": 0,
                        "people_female": 0,
                        "people_unspecified": 3,
                        "people_total": 3,
                        "column": "prb and phenotype1"
                    },
                    {
                        "people_male": 2,
                        "people_female": 0,
                        "people_unspecified": 7,
                        "people_total": 9,
                        "column": "sib and phenotype1"
                    },
                    {
                        "people_male": 0,
                        "people_female": 3,
                        "people_unspecified": 0,
                        "people_total": 3,
                        "column": "mom and unaffected"
                    },
                    {
                        "people_male": 3,
                        "people_female": 0,
                        "people_unspecified": 0,
                        "people_total": 3,
                        "column": "dad and unaffected"
                    }
                ]
            }
        ],
        "families_counters": [
            {
                "group_name": "Study phenotype",
                "phenotypes": [
                    "unaffected",
                    "phenotype1"
                ],
                "counters": [
                    {
                        "counters": [
                            {
                                "pedigree": [
                                    [
                                        "f2",
                                        "mom2",
                                        "0",
                                        "0",
                                        "F",
                                        "#ffffff",
                                        null,
                                        false,
                                        "",
                                        ""
                                    ],
                                    [
                                        "f2",
                                        "dad2",
                                        "0",
                                        "0",
                                        "M",
                                        "#ffffff",
                                        null,
                                        false,
                                        "",
                                        ""
                                    ],
                                    [
                                        "f2",
                                        "ch2.1",
                                        "dad2",
                                        "mom2",
                                        "U",
                                        "#e35252",
                                        null,
                                        false,
                                        "",
                                        ""
                                    ],
                                    [
                                        "f2",
                                        "ch2.2",
                                        "dad2",
                                        "mom2",
                                        "U",
                                        "#e35252",
                                        null,
                                        false,
                                        "",
                                        ""
                                    ],
                                    [
                                        "f2",
                                        "ch2.3",
                                        "dad2",
                                        "mom2",
                                        "U",
                                        "#e35252",
                                        null,
                                        false,
                                        "",
                                        ""
                                    ],
                                    [
                                        "f2",
                                        "ch2.4",
                                        "dad2",
                                        "mom2",
                                        "U",
                                        "#e35252",
                                        null,
                                        false,
                                        "",
                                        ""
                                    ]
                                ],
                                "pedigrees_count": 2
                            },
                            {
                                "pedigree": [
                                    [
                                        "f6",
                                        "mom6",
                                        "0",
                                        "0",
                                        "F",
                                        "#ffffff",
                                        null,
                                        false,
                                        "",
                                        ""
                                    ],
                                    [
                                        "f6",
                                        "dad6",
                                        "0",
                                        "0",
                                        "M",
                                        "#ffffff",
                                        null,
                                        false,
                                        "",
                                        ""
                                    ],
                                    [
                                        "f6",
                                        "ch6.1",
                                        "dad6",
                                        "mom6",
                                        "U",
                                        "#e35252",
                                        null,
                                        false,
                                        "",
                                        ""
                                    ],
                                    [
                                        "f6",
                                        "ch6.2",
                                        "dad6",
                                        "mom6",
                                        "U",
                                        "#e35252",
                                        null,
                                        false,
                                        "",
                                        ""
                                    ],
                                    [
                                        "f6",
                                        "ch6.3",
                                        "dad6",
                                        "mom6",
                                        "M",
                                        "#e35252",
                                        null,
                                        false,
                                        "",
                                        ""
                                    ],
                                    [
                                        "f6",
                                        "ch6.4",
                                        "dad6",
                                        "mom6",
                                        "M",
                                        "#e35252",
                                        null,
                                        false,
                                        "",
                                        ""
                                    ]
                                ],
                                "pedigrees_count": "f6"
                            }
                        ]
                    }
                ],
                "legend": [
                    {
                        "id": "phenotype1",
                        "name": "phenotype 1",
                        "color": "#e35252"
                    },
                    {
                        "id": "phenotype2",
                        "name": "phenotype 2",
                        "color": "#b8008a"
                    },
                    {
                        "id": "phenotype3",
                        "name": "phenotype 3",
                        "color": "#e3d252"
                    },
                    {
                        "id": "unaffected",
                        "name": "unaffected",
                        "color": "#ffffff"
                    },
                    {
                        "id": "unknown",
                        "name": "unknown",
                        "color": "#aaaaaa"
                    },
                    {
                        "id": "missing-person",
                        "name": "missing-person",
                        "color": "#E0E0E0"
                    }
                ]
            }
        ]
    },
    "denovo_report": {
        "tables": [
            {
                "rows": [
                    {
                        "effect_type": "Frame-shift",
                        "row": [
                            {
                                "number_of_observed_events": 2,
                                "number_of_children_with_event": 2,
                                "observed_rate_per_child": 0.16666666666666666,
                                "percent_of_children_with_events": 0.16666666666666666,
                                "column": "prb"
                            }
                        ]
                    },
                    {
                        "effect_type": "Missense",
                        "row": [
                            {
                                "number_of_observed_events": 3,
                                "number_of_children_with_event": 2,
                                "observed_rate_per_child": 0.25,
                                "percent_of_children_with_events": 0.16666666666666666,
                                "column": "prb"
                            }
                        ]
                    }
                ],
                "group_name": "Role",
                "columns": [
                    "prb"
                ],
                "effect_groups": [],
                "effect_types": [
                    "Frame-shift",
                    "Missense"
                ]
            },
            {
                "rows": [
                    {
                        "effect_type": "Frame-shift",
                        "row": [
                            {
                                "number_of_observed_events": 2,
                                "number_of_children_with_event": 2,
                                "observed_rate_per_child": 0.16666666666666666,
                                "percent_of_children_with_events": 0.16666666666666666,
                                "column": "phenotype1"
                            }
                        ]
                    },
                    {
                        "effect_type": "Missense",
                        "row": [
                            {
                                "number_of_observed_events": 3,
                                "number_of_children_with_event": 2,
                                "observed_rate_per_child": 0.25,
                                "percent_of_children_with_events": 0.16666666666666666,
                                "column": "phenotype1"
                            }
                        ]
                    }
                ],
                "group_name": "Diagnosis",
                "columns": [
                    "phenotype1"
                ],
                "effect_groups": [],
                "effect_types": [
                    "Frame-shift",
                    "Missense"
                ]
            },
            {
                "rows": [
                    {
                        "effect_type": "Frame-shift",
                        "row": [
                            {
                                "number_of_observed_events": 2,
                                "number_of_children_with_event": 2,
                                "observed_rate_per_child": 0.16666666666666666,
                                "percent_of_children_with_events": 0.16666666666666666,
                                "column": "prb and phenotype1"
                            }
                        ]
                    },
                    {
                        "effect_type": "Missense",
                        "row": [
                            {
                                "number_of_observed_events": 3,
                                "number_of_children_with_event": 2,
                                "observed_rate_per_child": 0.25,
                                "percent_of_children_with_events": 0.16666666666666666,
                                "column": "prb and phenotype1"
                            }
                        ]
                    }
                ],
                "group_name": "Role and Diagnosis",
                "columns": [
                    "prb and phenotype1"
                ],
                "effect_groups": [],
                "effect_types": [
                    "Frame-shift",
                    "Missense"
                ]
            }
        ]
    },
    "study_name": "Study4",
    "phenotype": ["unaffected", "phenotype1"],
    "study_type": "WE",
    "study_year": "",
    "pub_med": "",
    "families": 3,
    "number_of_probands": 3,
    "number_of_siblings": 9,
    "denovo": true,
    "transmitted": false,
    "study_description": "Study 4",
    "is_downloadable": false
}